RAM Allocation [bytes]
Variable                                                                          Address   Size
------------------------------------------------------------------------------------------------
Symbol_ONE (symbols.h #include-d from MAX7219.c)                                  0x0086       8
Symbol_TWO (symbols.h #include-d from MAX7219.c)                                  0x008E       8
Symbol_THREE (symbols.h #include-d from MAX7219.c)                                0x0096       8
Symbol_FOUR (symbols.h #include-d from MAX7219.c)                                 0x009E       8
Symbol_FIVE (symbols.h #include-d from MAX7219.c)                                 0x00A6       8
Symbol_R (symbols.h #include-d from MAX7219.c)                                    0x00AE       8
Symbol_N (symbols.h #include-d from MAX7219.c)                                    0x00B6       8
Symbol_EMPTY (symbols.h #include-d from MAX7219.c)                                0x00BE       8
matrix_status_new (transmission.c)                                                0x00C6       1
matrix_status (transmission.c)                                                    0x00C7       1
count_delay (transmission.c)                                                      0x00C8       1

EEPROM Allocation [bytes]
Variable                                                                          Address   Size
------------------------------------------------------------------------------------------------

Register Allocation
Variable                                                                          Register  Size
------------------------------------------------------------------------------------------------
CS_Port                                                                           R3           1
CS_Pin                                                                            R2           1

FLASH Allocation [words]
Function                                                                          Address   Size
------------------------------------------------------------------------------------------------
initialize_defolt                                                                 0x000B9     38
main                                                                              0x000DF      8
InitLed                                                                           0x000E7     20
SendLed                                                                           0x000FB     11
SetIntensity                                                                      0x00106      8
WriteNum                                                                          0x0010E     22
WriteSymbol                                                                       0x00124     21
SPI_CS_Down                                                                       0x0016A      6
SPI_Init                                                                          0x00170     10
SPI_SendByte                                                                      0x0017A     12
Animation_HorizRows                                                               0x001A3     25
Animation_ProgressBar                                                             0x001BC     46
Animation_Cursor                                                                  0x001EA     69
Animation_SlideShow                                                               0x0022F     31
Trans_Poll                                                                        0x0024E     81
memcpy                                                                            0x0029F     14
memset                                                                            0x002AD     13
